\BOOKMARK [0][]{chapter.1}{\376\377\173\054\116\000\172\340\000\040\000:\122\233\133\146}{}% 1
\BOOKMARK [1][]{section.1.1}{\376\377\0001\000.\0001\000\040\000:\215\050\160\271\217\320\122\250\133\146}{chapter.1}% 2
\BOOKMARK [2][]{subsection.1.1.1}{\376\377\0001\000.\0001\000.\0001\000\040\000:\116\072\116\300\116\110\211\201\170\024\172\166\217\320\122\250\133\146\377\037}{section.1.1}% 3
\BOOKMARK [2][]{subsection.1.1.2}{\376\377\0001\000.\0001\000.\0002\000\040\000:\215\050\160\271\152\041\127\213}{section.1.1}% 4
\BOOKMARK [2][]{subsection.1.1.3}{\376\377\0001\000.\0001\000.\0003\000\040\000:\166\364\211\322\127\120\150\007\174\373\116\055\166\204\217\320\122\250\143\317\217\360}{section.1.1}% 5
\BOOKMARK [2][]{subsection.1.1.4}{\376\377\0001\000.\0001\000.\0004\000\040\000:\147\201\127\120\150\007\174\373\116\055\166\204\217\320\122\250\143\317\217\360}{section.1.1}% 6
\BOOKMARK [2][]{subsection.1.1.5}{\376\377\0001\000.\0001\000.\0005\000\040\000:\201\352\161\066\127\120\150\007\174\373\116\055\166\204\217\320\122\250\143\317\217\360}{section.1.1}% 7
\BOOKMARK [2][]{subsection.1.1.6}{\376\377\0001\000.\0001\000.\0006\000\040\000:\217\320\122\250\133\146\116\055\166\204\121\170\127\213\117\213\230\230}{section.1.1}% 8
\BOOKMARK [1][]{section.1.2}{\376\377\0001\000.\0002\000\040\000:\162\133\230\177\217\320\122\250\133\232\137\213\060\001\122\250\221\317\133\232\164\006}{chapter.1}% 9
\BOOKMARK [2][]{subsection.1.2.1}{\376\377\0001\000.\0002\000.\0001\000\040\000:\162\133\230\177\217\320\122\250\133\232\137\213}{section.1.2}% 10
\BOOKMARK [2][]{subsection.1.2.2}{\376\377\0001\000.\0002\000.\0002\000\040\000:\122\250\221\317\116\016\121\262\221\317}{section.1.2}% 11
\BOOKMARK [2][]{subsection.1.2.3}{\376\377\0001\000.\0002\000.\0003\000\040\000:\122\250\221\317\133\232\164\006}{section.1.2}% 12
\BOOKMARK [2][]{subsection.1.2.4}{\376\377\0001\000.\0002\000.\0004\000\040\000:\122\250\221\317\133\210\140\122\133\232\137\213}{section.1.2}% 13
\BOOKMARK [2][]{subsection.1.2.5}{\376\377\0001\000.\0002\000.\0005\000\040\000:\170\260\144\236\225\356\230\230}{section.1.2}% 14
\BOOKMARK [2][]{subsection.1.2.6}{\376\377\0001\000.\0002\000.\0006\000\040\000:\123\330\215\050\221\317\174\373\176\337}{section.1.2}% 15
\BOOKMARK [2][]{subsection.1.2.7}{\376\377\0001\000.\0002\000.\0007\000\040\000:\227\136\140\357\140\047\174\373\116\013\166\204\162\133\230\177\217\320\122\250\133\232\137\213}{section.1.2}% 16
\BOOKMARK [2][]{subsection.1.2.8}{\376\377\0001\000.\0002\000.\0008\000\040\000:\162\133\230\177\217\320\122\250\133\232\137\213\116\016\227\136\140\357\140\047\174\373\166\204\121\170\127\213\117\213\230\230}{section.1.2}% 17
\BOOKMARK [1][]{section.1.3}{\376\377\0001\000.\0003\000\040\000:\147\072\150\260\200\375\133\232\164\006}{chapter.1}% 18
\BOOKMARK [2][]{subsection.1.3.1}{\376\377\0001\000.\0003\000.\0001\000\040\000:\122\237\116\016\122\250\200\375\133\232\164\006}{section.1.3}% 19
\BOOKMARK [2][]{subsection.1.3.2}{\376\377\0001\000.\0003\000.\0002\000\040\000:\122\277\200\375}{section.1.3}% 20
\BOOKMARK [2][]{subsection.1.3.3}{\376\377\0001\000.\0003\000.\0003\000\040\000:\122\237\163\207}{section.1.3}% 21
\BOOKMARK [2][]{subsection.1.3.4}{\376\377\0001\000.\0003\000.\0004\000\040\000:\122\277\200\375\146\362\176\277\116\016\136\163\210\141\172\063\133\232\140\047}{section.1.3}% 22
\BOOKMARK [2][]{subsection.1.3.5}{\376\377\0001\000.\0003\000.\0005\000\040\000:\147\072\150\260\200\375\133\210\140\122\133\232\137\213}{section.1.3}% 23
\BOOKMARK [2][]{subsection.1.3.6}{\376\377\0001\000.\0003\000.\0006\000\040\000:\147\072\150\260\200\375\133\232\164\006\166\204\121\170\127\213\117\213\230\230}{section.1.3}% 24
\BOOKMARK [2][]{subsection.1.3.7}{\376\377\0001\000.\0003\000.\0007\000\040\000:\200\375\221\317\145\271\154\325\166\204\120\132\230\230\142\200\135\347}{section.1.3}% 25
\BOOKMARK [1][]{section.1.4}{\376\377\0001\000.\0004\000\040\000:\211\322\122\250\221\317\133\232\164\006\060\001\131\051\117\123\217\320\122\250}{chapter.1}% 26
\BOOKMARK [2][]{subsection.1.4.1}{\376\377\0001\000.\0004\000.\0001\000\040\000:\211\322\122\250\221\317\166\204\137\025\121\145\060\001\211\322\122\250\221\317\133\232\164\006\060\001\211\322\122\250\221\317\133\210\140\122\133\232\137\213}{section.1.4}% 27
\BOOKMARK [2][]{subsection.1.4.2}{\376\377\0001\000.\0004\000.\0002\000\040\000:\131\051\117\123\217\320\122\250}{section.1.4}% 28
\BOOKMARK [1][]{section.1.5}{\376\377\0001\000.\0005\000\040\000:\215\050\137\303\060\001\122\032\117\123}{chapter.1}% 29
\BOOKMARK [2][]{subsection.1.5.1}{\376\377\0001\000.\0005\000.\0001\000\040\000:\215\050\137\303\060\001\215\050\137\303\217\320\122\250\133\232\164\006\166\204\133\374\121\372}{section.1.5}% 30
\BOOKMARK [2][]{subsection.1.5.2}{\376\377\0001\000.\0005\000.\0002\000\040\000:\122\250\122\233\133\146\221\317\127\050\215\050\160\271\174\373\116\055\166\204\122\006\211\343\060\001\215\050\137\303\123\302\200\003\174\373}{section.1.5}% 31
\BOOKMARK [2][]{subsection.1.5.3}{\376\377\0001\000.\0005\000.\0003\000\040\000:\122\032\117\123}{section.1.5}% 32
\BOOKMARK [2][]{subsection.1.5.4}{\376\377\0001\000.\0005\000.\0004\000\040\000:\122\032\117\123\166\204\133\232\217\164\217\154\122\250}{section.1.5}% 33
\BOOKMARK [2][]{subsection.1.5.5}{\376\377\0001\000.\0005\000.\0005\000\040\000:\122\032\117\123\166\204\136\163\227\142\136\163\210\114\217\320\122\250}{section.1.5}% 34
\BOOKMARK [1][]{section.1.6}{\376\377\0001\000.\0006\000\040\000:\155\101\117\123\122\233\133\146}{chapter.1}% 35
\BOOKMARK [2][]{subsection.1.6.1}{\376\377\0001\000.\0006\000.\0001\000\040\000:\155\101\117\123\166\204\227\131\122\233\133\146}{section.1.6}% 36
\BOOKMARK [2][]{subsection.1.6.2}{\376\377\0001\000.\0006\000.\0002\000\040\000:\155\101\117\123\166\204\217\320\122\250\133\146}{section.1.6}% 37
\BOOKMARK [2][]{subsection.1.6.3}{\376\377\0001\000.\0006\000.\0003\000\040\000:\155\101\117\123\122\250\122\233\133\146}{section.1.6}% 38
\BOOKMARK [1][]{section.1.7}{\376\377\0001\000.\0007\000\040\000:\143\057\122\250\116\016\154\342}{chapter.1}% 39
\BOOKMARK [2][]{subsection.1.7.1}{\376\377\0001\000.\0007\000.\0001\000\040\000:\173\200\214\020\143\057\122\250}{section.1.7}% 40
\BOOKMARK [2][]{subsection.1.7.2}{\376\377\0001\000.\0007\000.\0002\000\040\000:\226\073\134\074\143\057\122\250}{section.1.7}% 41
\BOOKMARK [2][]{subsection.1.7.3}{\376\377\0001\000.\0007\000.\0003\000\040\000:\123\327\217\353\143\057\122\250\116\016\121\161\143\057}{section.1.7}% 42
\BOOKMARK [2][]{subsection.1.7.4}{\376\377\0001\000.\0007\000.\0004\000\040\000:\147\072\150\260\154\342}{section.1.7}% 43
\BOOKMARK [1][]{section.1.8}{\376\377\0001\000.\0008\000\040\000:\162\355\116\111\166\370\133\371\213\272}{chapter.1}% 44
\BOOKMARK [2][]{subsection.1.8.1}{\376\377\0001\000.\0008\000.\0001\000\040\000:\162\355\116\111\166\370\133\371\213\272\166\204\127\372\147\054\120\107\213\276}{section.1.8}% 45
\BOOKMARK [2][]{subsection.1.8.2}{\376\377\0001\000.\0008\000.\0002\000\040\000:\155\033\117\046\121\171\123\330\143\142}{section.1.8}% 46
\BOOKMARK [2][]{subsection.1.8.3}{\376\377\0001\000.\0008\000.\0003\000\040\000:\166\370\133\371\213\272\217\320\122\250\133\146\145\110\136\224}{section.1.8}% 47
\BOOKMARK [2][]{subsection.1.8.4}{\376\377\0001\000.\0008\000.\0004\000\040\000:\166\370\133\371\213\272\122\250\122\233\133\146}{section.1.8}% 48
\BOOKMARK [0][]{chapter.2}{\376\377\173\054\116\214\172\340\000\040\000:\165\065\170\301\133\146}{}% 49
\BOOKMARK [1][]{section.2.1}{\376\377\0002\000.\0001\000\040\000:\227\131\165\065\127\072\060\001\172\063\140\122\165\065\155\101}{chapter.2}% 50
\BOOKMARK [2][]{subsection.2.1.1}{\376\377\0002\000.\0001\000.\0001\000\040\000:\227\131\165\065\127\072\166\204\127\372\147\054\211\304\137\213}{section.2.1}% 51
\BOOKMARK [2][]{subsection.2.1.2}{\376\377\0002\000.\0001\000.\0002\000\040\000:\172\063\140\122\165\065\155\101}{section.2.1}% 52
\BOOKMARK [1][]{section.2.2}{\376\377\0002\000.\0002\000\040\000:\140\122\170\301\127\072}{chapter.2}% 53
\BOOKMARK [2][]{subsection.2.2.1}{\376\377\0002\000.\0002\000.\0001\000\040\000:\170\301\127\072\166\204\127\372\147\054\211\304\137\213}{section.2.2}% 54
\BOOKMARK [2][]{subsection.2.2.2}{\376\377\0002\000.\0002\000.\0002\000\040\000:\170\301\127\072\133\371\165\065\155\101\166\204\117\134\165\050}{section.2.2}% 55
\BOOKMARK [1][]{section.2.3}{\376\377\0002\000.\0003\000\040\000:\165\065\170\301\141\037\136\224}{chapter.2}% 56
\BOOKMARK [2][]{subsection.2.3.1}{\376\377\0002\000.\0003\000.\0001\000\040\000:\154\325\142\311\173\054\165\065\170\301\141\037\136\224\133\232\137\213}{section.2.3}% 57
\BOOKMARK [2][]{subsection.2.3.2}{\376\377\0002\000.\0003\000.\0002\000\040\000:\141\037\165\037\165\065\127\072}{section.2.3}% 58
\BOOKMARK [2][]{subsection.2.3.3}{\376\377\0002\000.\0003\000.\0003\000\040\000:\201\352\141\037\116\016\116\222\141\037}{section.2.3}% 59
\BOOKMARK [1][]{section.2.4}{\376\377\0002\000.\0004\000\040\000:\165\065\170\301\116\313\215\050}{chapter.2}% 60
\BOOKMARK [2][]{subsection.2.4.1}{\376\377\0002\000.\0004\000.\0001\000\040\000:\165\065\116\313\215\050\166\204\147\201\123\026}{section.2.4}% 61
\BOOKMARK [2][]{subsection.2.4.2}{\376\377\0002\000.\0004\000.\0002\000\040\000:\170\301\116\313\215\050\166\204\170\301\123\026}{section.2.4}% 62
\BOOKMARK [1][]{section.2.5}{\376\377\0002\000.\0005\000\040\000:\165\065\215\357}{chapter.2}% 63
\BOOKMARK [2][]{subsection.2.5.1}{\376\377\0002\000.\0005\000.\0001\000\040\000:\127\372\134\024\227\015\131\053\133\232\137\213}{section.2.5}% 64
\BOOKMARK [2][]{subsection.2.5.2}{\376\377\0002\000.\0005\000.\0002\000\040\000:\000R\000C\165\065\215\357\116\016\000R\000L\165\065\215\357}{section.2.5}% 65
\BOOKMARK [2][]{subsection.2.5.3}{\376\377\0002\000.\0005\000.\0003\000\040\000:\165\065\170\301\127\072\166\204\200\375\221\317}{section.2.5}% 66
\BOOKMARK [0][]{chapter.3}{\376\377\173\054\116\011\172\340\000\040\000:\160\355\133\146}{}% 67
\BOOKMARK [1][]{section.3.1}{\376\377\0003\000.\0001\000\040\000:\154\024\117\123\162\266\140\001\123\302\221\317\116\016\156\051\150\007}{chapter.3}% 68
\BOOKMARK [2][]{subsection.3.1.1}{\376\377\0003\000.\0001\000.\0001\000\040\000:\154\024\117\123\166\204\162\266\140\001\123\302\221\317}{section.3.1}% 69
\BOOKMARK [2][]{subsection.3.1.2}{\376\377\0003\000.\0001\000.\0002\000\040\000:\160\355\122\233\133\146\173\054\226\366\133\232\137\213\116\016\156\051\150\007}{section.3.1}% 70
\BOOKMARK [1][]{section.3.2}{\376\377\0003\000.\0002\000\040\000:\160\355\122\233\133\146\173\054\116\000\133\232\137\213}{chapter.3}% 71
\BOOKMARK [2][]{subsection.3.2.1}{\376\377\0003\000.\0002\000.\0001\000\040\000:\122\237\116\016\160\355\221\317}{section.3.2}% 72
\BOOKMARK [2][]{subsection.3.2.2}{\376\377\0003\000.\0002\000.\0002\000\040\000:\160\355\122\233\133\146\173\054\116\000\133\232\137\213}{section.3.2}% 73
\BOOKMARK [2][]{subsection.3.2.3}{\376\377\0003\000.\0002\000.\0003\000\040\000:\160\355\133\271}{section.3.2}% 74
\BOOKMARK [2][]{subsection.3.2.4}{\376\377\0003\000.\0002\000.\0004\000\040\000:\164\006\140\363\154\024\117\123\166\204\121\170\127\213\217\307\172\013}{section.3.2}% 75
\BOOKMARK [1][]{section.3.3}{\376\377\0003\000.\0003\000\040\000:\123\141\213\372\137\252\163\257\116\016\160\355\147\072\145\110\163\207}{chapter.3}% 76
\BOOKMARK [2][]{subsection.3.3.1}{\376\377\0003\000.\0003\000.\0001\000\040\000:\137\252\163\257\217\307\172\013}{section.3.3}% 77
\BOOKMARK [2][]{subsection.3.3.2}{\376\377\0003\000.\0003\000.\0002\000\040\000:\123\141\213\372\137\252\163\257}{section.3.3}% 78
\BOOKMARK [2][]{subsection.3.3.3}{\376\377\0003\000.\0003\000.\0003\000\040\000:\122\066\121\267\147\072}{section.3.3}% 79
\BOOKMARK [1][]{section.3.4}{\376\377\0003\000.\0004\000\040\000:\160\355\122\233\133\146\173\054\116\214\133\232\137\213}{chapter.3}% 80
\BOOKMARK [2][]{subsection.3.4.1}{\376\377\0003\000.\0004\000.\0001\000\040\000:\116\044\171\315\210\150\217\360}{section.3.4}% 81
\BOOKMARK [1][]{section.3.5}{\376\377\0003\000.\0005\000\040\000:\161\265}{chapter.3}% 82
\BOOKMARK [2][]{subsection.3.5.1}{\376\377\0003\000.\0005\000.\0001\000\040\000:\161\265\166\204\137\025\121\145}{section.3.5}% 83
\BOOKMARK [2][]{subsection.3.5.2}{\376\377\0003\000.\0005\000.\0002\000\040\000:\161\265\130\236\122\240\123\237\164\006}{section.3.5}% 84
\BOOKMARK [2][]{subsection.3.5.3}{\376\377\0003\000.\0005\000.\0003\000\040\000:\161\265\166\204\176\337\213\241\141\017\116\111}{section.3.5}% 85
\BOOKMARK [1][]{section.3.6}{\376\377\0003\000.\0006\000\040\000:\166\370\123\330}{chapter.3}% 86
\BOOKMARK [2][]{subsection.3.6.1}{\376\377\0003\000.\0006\000.\0001\000\040\000:\166\370\116\016\166\370\123\330}{section.3.6}% 87
\BOOKMARK [2][]{subsection.3.6.2}{\376\377\0003\000.\0006\000.\0002\000\040\000:\121\113\142\311\163\300\237\231\145\271\172\013}{section.3.6}% 88
\BOOKMARK [2][]{subsection.3.6.3}{\376\377\0003\000.\0006\000.\0003\000\040\000:\116\000\176\247\166\370\123\330\116\016\116\214\176\247\166\370\123\330}{section.3.6}% 89
\BOOKMARK [2][]{subsection.3.6.4}{\376\377\0003\000.\0006\000.\0004\000\040\000:\166\370\137\213}{section.3.6}% 90
\BOOKMARK [0][]{chapter.4}{\376\377\173\054\126\333\172\340\000\040\000:\121\111\133\146}{}% 91
\BOOKMARK [1][]{section.4.1}{\376\377\0004\000.\0001\000\040\000:\121\340\117\125\121\111\133\146}{chapter.4}% 92
\BOOKMARK [2][]{subsection.4.1.1}{\376\377\0004\000.\0001\000.\0001\000\040\000:\121\340\117\125\121\111\133\146\166\204\127\372\147\054\133\232\137\213}{section.4.1}% 93
\BOOKMARK [2][]{subsection.4.1.2}{\376\377\0004\000.\0001\000.\0002\000\040\000:\205\204\220\017\225\134}{section.4.1}% 94
\BOOKMARK [1][]{section.4.2}{\376\377\0004\000.\0002\000\040\000:\121\111\166\204\136\162\155\211}{chapter.4}% 95
\BOOKMARK [2][]{subsection.4.2.1}{\376\377\0004\000.\0002\000.\0001\000\040\000:\121\111\166\204\166\370\136\162\140\047}{section.4.2}% 96
\BOOKMARK [2][]{subsection.4.2.2}{\376\377\0004\000.\0002\000.\0002\000\040\000:\147\150\154\017\123\314\177\035\136\162\155\211}{section.4.2}% 97
\BOOKMARK [2][]{subsection.4.2.3}{\376\377\0004\000.\0002\000.\0003\000\040\000:\205\204\201\234\136\162\155\211}{section.4.2}% 98
\BOOKMARK [2][]{subsection.4.2.4}{\376\377\0004\000.\0002\000.\0004\000\040\000:\217\310\121\113\200\063\133\131\136\162\155\211\116\352}{section.4.2}% 99
\BOOKMARK [1][]{section.4.3}{\376\377\0004\000.\0003\000\040\000:\121\111\166\204\210\115\134\004}{chapter.4}% 100
\BOOKMARK [2][]{subsection.4.3.1}{\376\377\0004\000.\0003\000.\0001\000\040\000:\140\340\146\364\145\257\000-\203\362\155\205\134\024\123\237\164\006}{section.4.3}% 101
\BOOKMARK [2][]{subsection.4.3.2}{\376\377\0004\000.\0003\000.\0002\000\040\000:\123\125\177\035\131\053\164\005\171\276\215\071\210\115\134\004}{section.4.3}% 102
\BOOKMARK [2][]{subsection.4.3.3}{\376\377\0004\000.\0003\000.\0003\000\040\000:\127\006\133\124\210\115\134\004\116\016\121\111\133\146\116\352\126\150\166\204\122\006\217\250\147\054\230\206}{section.4.3}% 103
\BOOKMARK [2][]{subsection.4.3.4}{\376\377\0004\000.\0003\000.\0004\000\040\000:\121\111\150\005\210\115\134\004}{section.4.3}% 104
\BOOKMARK [1][]{section.4.4}{\376\377\0004\000.\0004\000\040\000:\121\111\166\204\120\117\143\057}{chapter.4}% 105
\BOOKMARK [2][]{subsection.4.4.1}{\376\377\0004\000.\0004\000.\0001\000\040\000:\201\352\161\066\121\111\116\016\120\117\143\057\121\111}{section.4.4}% 106
\BOOKMARK [2][]{subsection.4.4.2}{\376\377\0004\000.\0004\000.\0002\000\040\000:\232\154\124\025\145\257\133\232\137\213}{section.4.4}% 107
\BOOKMARK [2][]{subsection.4.4.3}{\376\377\0004\000.\0004\000.\0003\000\040\000:\136\003\121\022\145\257\162\171\133\232\137\213}{section.4.4}% 108
\BOOKMARK [2][]{subsection.4.4.4}{\376\377\0004\000.\0004\000.\0004\000\040\000:\123\314\142\230\134\004}{section.4.4}% 109
\BOOKMARK [0][]{chapter.5}{\376\377\173\054\116\224\172\340\000\040\000:\221\317\133\120\122\233\133\146}{}% 110
\BOOKMARK [1][]{section.5.1}{\376\377\0005\000.\0001\000\040\000:\116\000\176\364\133\232\140\001\205\233\133\232\214\024\145\271\172\013}{chapter.5}% 111
\BOOKMARK [2][]{subsection.5.1.1}{\376\377\0005\000.\0001\000.\0001\000\040\000:\133\232\140\001\205\233\133\232\214\024\145\271\172\013\166\204\136\372\172\313}{section.5.1}% 112
\BOOKMARK [2][]{subsection.5.1.2}{\376\377\0005\000.\0001\000.\0002\000\040\000:\116\000\176\364\145\340\226\120\155\361\145\271\122\277\226\061}{section.5.1}% 113
\BOOKMARK [2][]{subsection.5.1.3}{\376\377\0005\000.\0001\000.\0003\000\040\000:\116\000\176\364\214\020\143\057\133\120}{section.5.1}% 114
\BOOKMARK [2][]{subsection.5.1.4}{\376\377\0005\000.\0001\000.\0004\000\040\000:\116\000\176\364\145\271\122\277\127\222\116\016\221\317\133\120\226\247\172\177}{section.5.1}% 115
\BOOKMARK [2][]{subsection.5.1.5}{\376\377\0005\000.\0001\000.\0005\000\040\000:\147\137\177\032\140\001\116\016\145\143\134\004\140\001}{section.5.1}% 116
\BOOKMARK [1][]{section.5.2}{\376\377\0005\000.\0002\000\040\000:\173\227\173\046}{chapter.5}% 117
\BOOKMARK [2][]{subsection.5.2.1}{\376\377\0005\000.\0002\000.\0001\000\040\000:\127\372\147\054\151\202\137\365}{section.5.2}% 118
\BOOKMARK [2][]{subsection.5.2.2}{\376\377\0005\000.\0002\000.\0002\000\040\000:\123\204\174\163\173\227\173\046\166\204\140\047\215\050}{section.5.2}% 119
\BOOKMARK [2][]{subsection.5.2.3}{\376\377\0005\000.\0002\000.\0003\000\040\000:\221\315\211\201\133\232\164\006}{section.5.2}% 120
\BOOKMARK [2][]{subsection.5.2.4}{\376\377\0005\000.\0002\000.\0004\000\040\000:\136\070\165\050\166\204\133\371\146\023\121\163\174\373}{section.5.2}% 121
\BOOKMARK [1][]{section.5.3}{\376\377\0005\000.\0003\000\040\000:\210\150\214\141}{chapter.5}% 122
\BOOKMARK [2][]{subsection.5.3.1}{\376\377\0005\000.\0003\000.\0001\000\040\000:\210\150\214\141\166\204\127\372\147\054\151\202\137\365}{section.5.3}% 123
\BOOKMARK [2][]{subsection.5.3.2}{\376\377\0005\000.\0003\000.\0002\000\040\000:\127\120\150\007\210\150\214\141\116\016\122\250\221\317\210\150\214\141}{section.5.3}% 124
\BOOKMARK [2][]{subsection.5.3.3}{\376\377\0005\000.\0003\000.\0003\000\040\000:\210\150\214\141\123\330\143\142}{section.5.3}% 125
\BOOKMARK [2][]{subsection.5.3.4}{\376\377\0005\000.\0003\000.\0004\000\040\000:\210\150\214\141\166\204\220\011\123\326\123\237\122\031}{section.5.3}% 126
\BOOKMARK [1][]{section.5.4}{\376\377\0005\000.\0004\000\040\000:\116\011\176\364\133\232\140\001\225\356\230\230}{chapter.5}% 127
\BOOKMARK [2][]{subsection.5.4.1}{\376\377\0005\000.\0004\000.\0001\000\040\000:\116\055\137\303\122\233\127\072}{section.5.4}% 128
\BOOKMARK [2][]{subsection.5.4.2}{\376\377\0005\000.\0004\000.\0002\000\040\000:\201\352\145\313}{section.5.4}% 129
\BOOKMARK [2][]{subsection.5.4.3}{\376\377\0005\000.\0004\000.\0003\000\040\000:\121\150\124\014\174\222\133\120\116\016\154\341\122\051\116\015\166\370\133\271\123\237\164\006}{section.5.4}% 130
